root@pmy-virtual-machine:~/바탕화면# cd..
cd..: 명령을 찾을 수 없습니다
root@pmy-virtual-machine:~/바탕화면# cd ..
root@pmy-virtual-machine:~# root /etc/passwd
명령어 'root' 을(를) 찾을 수 없습니다. 그러나 다음을 통해 설치할 수 있습니다:
snap install root-framework
root@pmy-virtual-machine:~# nano /etc/passwd
root@pmy-virtual-machine:~# nano /etc/shadow
root@pmy-virtual-machine:~# nano /etc/passwd
root@pmy-virtual-machine:~# nano /etc/group
root@pmy-virtual-machine:~# adduser poly1
'poly1' 사용자를 추가 중...
새 그룹 'poly1' (1001) 추가 ...
새 사용자 'poly1' (1001) 을(를) 그룹 'poly1' (으)로 추가 ...
'/home/poly1' 홈 디렉터리를 생성하는 중...
'/etc/skel'에서 파일들을 복사하는 중...
새 암호: 
잘못된 비밀번호: 암호는 8 개의 문자 보다 짧습니다
새 암호 재입력: 
passwd: 암호를 성공적으로 업데이트했습니다
poly1의 사용자의 정보를 바꿉니다
새로운 값을 넣거나, 기본값을 원하시면 엔터를 치세요
	이름 []: Polytech1
	방 번호 []: 509
	직장 전화번호 []: 02-333-5555
	집 전화번호 []: 02-777-7777
	기타 []: Student
정보가 올바릅니까? [Y/n] y
root@pmy-virtual-machine:~# nano /etc/passwd
root@pmy-virtual-machine:~# adduser --uid 1111 poly2
'poly2' 사용자를 추가 중...
새 그룹 'poly2' (1111) 추가 ...
새 사용자 'poly2' (1111) 을(를) 그룹 'poly2' (으)로 추가 ...
'/home/poly2' 홈 디렉터리를 생성하는 중...
'/etc/skel'에서 파일들을 복사하는 중...
새 암호: 
잘못된 비밀번호: 암호는 8 개의 문자 보다 짧습니다
새 암호 재입력: 
passwd: 암호를 성공적으로 업데이트했습니다
poly2의 사용자의 정보를 바꿉니다
새로운 값을 넣거나, 기본값을 원하시면 엔터를 치세요
	이름 []: 
	방 번호 []: 
	직장 전화번호 []: 
	집 전화번호 []: 
	기타 []: 
정보가 올바릅니까? [Y/n] y
root@pmy-virtual-machine:~# adduser --gid 1000  poly3
'poly3' 사용자를 추가 중...
새 사용자 'poly3' (1002) 을(를) 그룹 'pmy' (으)로 추가 ...
'/home/poly3' 홈 디렉터리를 생성하는 중...
'/etc/skel'에서 파일들을 복사하는 중...
새 암호: 
잘못된 비밀번호: 암호는 8 개의 문자 보다 짧습니다
새 암호 재입력: 
passwd: 암호를 성공적으로 업데이트했습니다
poly3의 사용자의 정보를 바꿉니다
새로운 값을 넣거나, 기본값을 원하시면 엔터를 치세요
	이름 []: 
	방 번호 []: 
	직장 전화번호 []: 
	집 전화번호 []: 
	기타 []: 
정보가 올바릅니까? [Y/n] y
root@pmy-virtual-machine:~# tail /etc/passwd
colord:x:123:130:colord colour management daemon,,,:/var/lib/colord:/usr/sbin/nologin
geoclue:x:124:131::/var/lib/geoclue:/usr/sbin/nologin
pulse:x:125:132:PulseAudio daemon,,,:/run/pulse:/usr/sbin/nologin
gnome-initial-setup:x:126:65534::/run/gnome-initial-setup/:/bin/false
hplip:x:127:7:HPLIP system user,,,:/run/hplip:/bin/false
gdm:x:128:134:Gnome Display Manager:/var/lib/gdm3:/bin/false
pmy:x:1000:1000:pmy,,,:/home/pmy:/bin/bash
poly1:x:1001:1001:Polytech1,509,02-333-5555,02-777-7777,Student:/home/poly1:/bin/bash
poly2:x:1111:1111:,,,:/home/poly2:/bin/bash
poly3:x:1002:1000:,,,:/home/poly3:/bin/bash
root@pmy-virtual-machine:~# adduser --home /newhome poly4
'poly4' 사용자를 추가 중...
새 그룹 'poly4' (1002) 추가 ...
새 사용자 'poly4' (1003) 을(를) 그룹 'poly4' (으)로 추가 ...
'/newhome' 홈 디렉터리를 생성하는 중...
'/etc/skel'에서 파일들을 복사하는 중...
새 암호: 
잘못된 비밀번호: 암호는 8 개의 문자 보다 짧습니다
새 암호 재입력: 
passwd: 암호를 성공적으로 업데이트했습니다
poly4의 사용자의 정보를 바꿉니다
새로운 값을 넣거나, 기본값을 원하시면 엔터를 치세요
	이름 []: 
	방 번호 []: 
	직장 전화번호 []: 
	집 전화번호 []: 
	기타 []: 
정보가 올바릅니까? [Y/n] y
root@pmy-virtual-machine:~# tail /etc/passwd
geoclue:x:124:131::/var/lib/geoclue:/usr/sbin/nologin
pulse:x:125:132:PulseAudio daemon,,,:/run/pulse:/usr/sbin/nologin
gnome-initial-setup:x:126:65534::/run/gnome-initial-setup/:/bin/false
hplip:x:127:7:HPLIP system user,,,:/run/hplip:/bin/false
gdm:x:128:134:Gnome Display Manager:/var/lib/gdm3:/bin/false
pmy:x:1000:1000:pmy,,,:/home/pmy:/bin/bash
poly1:x:1001:1001:Polytech1,509,02-333-5555,02-777-7777,Student:/home/poly1:/bin/bash
poly2:x:1111:1111:,,,:/home/poly2:/bin/bash
poly3:x:1002:1000:,,,:/home/poly3:/bin/bash
poly4:x:1003:1002:,,,:/newhome:/bin/bash
root@pmy-virtual-machine:~# login
pmy-virtual-machine 로그인: poly4
암호: 
Welcome to Ubuntu 22.04.2 LTS (GNU/Linux 5.19.0-35-generic x86_64)

 * Documentation:  https://help.ubuntu.com
 * Management:     https://landscape.canonical.com
 * Support:        https://ubuntu.com/advantage

 * Introducing Expanded Security Maintenance for Applications.
   Receive updates to over 25,000 software packages with your
   Ubuntu Pro subscription. Free for personal use.

     https://ubuntu.com/pro

Expanded Security Maintenance for Applications is not enabled.

0 updates can be applied immediately.

Enable ESM Apps to receive additional future security updates.
See https://ubuntu.com/esm or run: sudo pro status


The list of available updates is more than a week old.
To check for new updates run: sudo apt update

The programs included with the Ubuntu system are free software;
the exact distribution terms for each program are described in the
individual files in /usr/share/doc/*/copyright.

Ubuntu comes with ABSOLUTELY NO WARRANTY, to the extent permitted by
applicable law.

poly4@pmy-virtual-machine:~$ logout
root@pmy-virtual-machine:~# adduser --shell /bin/csh poly5
'poly5' 사용자를 추가 중...
새 그룹 'poly5' (1003) 추가 ...
새 사용자 'poly5' (1004) 을(를) 그룹 'poly5' (으)로 추가 ...
useradd: Warning: missing or non-executable shell '/bin/csh'
'/home/poly5' 홈 디렉터리를 생성하는 중...
'/etc/skel'에서 파일들을 복사하는 중...
새 암호: 
잘못된 비밀번호: 암호는 8 개의 문자 보다 짧습니다
새 암호 재입력: 
passwd: 암호를 성공적으로 업데이트했습니다
poly5의 사용자의 정보를 바꿉니다
새로운 값을 넣거나, 기본값을 원하시면 엔터를 치세요
	이름 []: 
	방 번호 []: 
	직장 전화번호 []: 
	집 전화번호 []: 
	기타 []: 
정보가 올바릅니까? [Y/n] y
root@pmy-virtual-machine:~# login
pmy-virtual-machine 로그인: poly5
암호: 
Welcome to Ubuntu 22.04.2 LTS (GNU/Linux 5.19.0-35-generic x86_64)

 * Documentation:  https://help.ubuntu.com
 * Management:     https://landscape.canonical.com
 * Support:        https://ubuntu.com/advantage

 * Introducing Expanded Security Maintenance for Applications.
   Receive updates to over 25,000 software packages with your
   Ubuntu Pro subscription. Free for personal use.

     https://ubuntu.com/pro

Expanded Security Maintenance for Applications is not enabled.

0 updates can be applied immediately.

Enable ESM Apps to receive additional future security updates.
See https://ubuntu.com/esm or run: sudo pro status


The list of available updates is more than a week old.
To check for new updates run: sudo apt update

The programs included with the Ubuntu system are free software;
the exact distribution terms for each program are described in the
individual files in /usr/share/doc/*/copyright.

Ubuntu comes with ABSOLUTELY NO WARRANTY, to the extent permitted by
applicable law.

/bin/csh을(를) 실행할 수 없습니다: 그런 파일이나 디렉터리가 없습니다
root@pmy-virtual-machine:~# tail /etc/passwd
pulse:x:125:132:PulseAudio daemon,,,:/run/pulse:/usr/sbin/nologin
gnome-initial-setup:x:126:65534::/run/gnome-initial-setup/:/bin/false
hplip:x:127:7:HPLIP system user,,,:/run/hplip:/bin/false
gdm:x:128:134:Gnome Display Manager:/var/lib/gdm3:/bin/false
pmy:x:1000:1000:pmy,,,:/home/pmy:/bin/bash
poly1:x:1001:1001:Polytech1,509,02-333-5555,02-777-7777,Student:/home/poly1:/bin/bash
poly2:x:1111:1111:,,,:/home/poly2:/bin/bash
poly3:x:1002:1000:,,,:/home/poly3:/bin/bash
poly4:x:1003:1002:,,,:/newhome:/bin/bash
poly5:x:1004:1003:,,,:/home/poly5:/bin/csh
root@pmy-virtual-machine:~# tail /etc/group
pulse:x:132:
pulse-access:x:133:
gdm:x:134:
lxd:x:135:pmy
pmy:x:1000:
sambashare:x:136:pmy
poly1:x:1001:
poly2:x:1111:
poly4:x:1002:
poly5:x:1003:
root@pmy-virtual-machine:~# passwd poly1
새 암호: 
잘못된 비밀번호: 암호가 앞뒤 어느쪽에서 읽어도 같은 문맥입니다
새 암호 재입력: 
passwd: 암호를 성공적으로 업데이트했습니다
root@pmy-virtual-machine:~# login
pmy-virtual-machine 로그인: poly1
암호: 
Welcome to Ubuntu 22.04.2 LTS (GNU/Linux 5.19.0-35-generic x86_64)

 * Documentation:  https://help.ubuntu.com
 * Management:     https://landscape.canonical.com
 * Support:        https://ubuntu.com/advantage

 * Introducing Expanded Security Maintenance for Applications.
   Receive updates to over 25,000 software packages with your
   Ubuntu Pro subscription. Free for personal use.

     https://ubuntu.com/pro

Expanded Security Maintenance for Applications is not enabled.

0 updates can be applied immediately.

Enable ESM Apps to receive additional future security updates.
See https://ubuntu.com/esm or run: sudo pro status


The list of available updates is more than a week old.
To check for new updates run: sudo apt update

The programs included with the Ubuntu system are free software;
the exact distribution terms for each program are described in the
individual files in /usr/share/doc/*/copyright.

Ubuntu comes with ABSOLUTELY NO WARRANTY, to the extent permitted by
applicable law.

poly1@pmy-virtual-machine:~$ logout
root@pmy-virtual-machine:~# usermod --shell /bin/csh poly1
root@pmy-virtual-machine:~# usermod --groups poly_prof poly1
usermod: 'poly_prof' 그룹이 없습니다
root@pmy-virtual-machine:~# usermod --groups pmy poly1
root@pmy-virtual-machine:~# nano /etc/passwd 
root@pmy-virtual-machine:~# ls /home
pmy  poly1  poly2  poly3  poly5 
root@pmy-virtual-machine:~# ls /
apple  dev   lib32       media    opt   sbin      sys
bin    etc   lib64       melon    proc  snap      tmp
boot   home  libx32      mnt      root  srv       usr
cdrom  lib   lost+found  newhome  run   swapfile  var
root@pmy-virtual-machine:~# userdel -r poly5 
userdel: poly5 mail spool (/var/mail/poly5) not found
root@pmy-virtual-machine:~# ls /home
pmy  poly1  poly2  poly3
root@pmy-virtual-machine:~# nano /etc/passwd


